(READ FILE)

Current time is 2020-01-31 12:00.

Program output:
> Successful predictions:41%, not done yet:2

Program output:
> Add another prediction? Yes/*No*/List

User input:
> L

Program output:
> 2020-03-01 08:00: NSDPRD-13544: уложусь ли в оценку 13d? 90% - НЕТ

Program output:
> 2020-03-01 08:00: NSDPRD-13544: уложусь ли по затратам в 26d? 90% - ДА

File is written:
```
F,2019-11-13 11:10,2019-11-18 09:00,,Успею ли я починить все падающие автотесты в NSDPRD-13267 до конца недели? 90%-нет
F,2019-11-13 11:10,2019-11-18 09:00,,Успею ли я до конца недели начать работать над нагрузочным тестированием NSDPRJ-2313? 90%-да
F,2019-11-14 13:10,2019-12-03 07:00,,"Задача NSDPRD-13339 (правки сортировки деревьев) потребует затрат не более, чем на 1d 4h"
S,2019-11-14 13:10,2020-01-20 08:00,,"Задача NSDPRD-12928 (перенос метода для фильтрации из бина в API) потребует затрат не более, чем на 5d"
S,2019-11-17 18:10,2019-11-18 07:00,,Упадут ли хоть какие-нибудь тесты на импорт в ветке NSDPRD-13267-pre1? 90% - да
S,2019-11-18 10:32,2019-11-23 00:00,,Успею ли я отдать NSDPRD-13267 в ревью до конца недели? 90%-да
F,2019-11-19 14:10,2019-11-26 07:00,,NSDPRD-13445: смогу ли уложиться в оценку трат на разработку 8h? 90% - да
S,2019-11-25 14:50,2019-11-30 07:00,,NSDPRD-13339: успею ли завершить в течение недели (без учёта церемоний)? 90% - да
F,2019-11-29 11:49,2019-12-04 08:00,,NSDPRD-13440: успею ли уложиться в оценку разработки 2d? 90% -да
S,2019-12-02 12:58,2019-12-07 08:00,,Успею ли взяться за задачу по Junit5 или PMD до конца недели? 90% - да
F,2019-12-05 12:58,2019-12-10 07:00,,NSDPRD-13575: уложусь ли в оценку 4h на работу? 90%-да
F,2019-12-09 13:19,2020-01-10 08:00,,NSDPRD-13547 (запуск PMD): уложусь ли в оценку затрат 12h?
N,2020-01-14 11:02,2020-03-01 08:00,,NSDPRD-13544: уложусь ли в оценку 13d? 90% - НЕТ
N,2020-01-14 11:02,2020-03-01 08:00,,NSDPRD-13544: уложусь ли по затратам в 26d? 90% - ДА
```