* READ FILE
 Successful predictions:N/A, not done yet:0
 Add another prediction? Y/N
> N
! 