* READ FILE
 Successful predictions:N/A, not done yet:0
 Add another prediction? Y/N
> Y
 Prediction:
> Prediction 1
 When to evaluate (YYYY-mm-dd HH:MM):
> 2020-02-01 09:00
@ 2020-01-31 12:00
! N,2020-01-31 12:00,2020-02-01 09:00,Prediction 1
