(READ FILE)

Current time is 2020-01-31 12:00.

Program output:
> Successful predictions:N/A, not done yet:0

Program output:
> Add another prediction? Yes/*No*/List

User input:
> N

File is written:
```

```